[
  {"type":"Keyword","value":"open type"},
  {"type":"Text","value":" "},
  {"type":"NameNamespace","value":"System.Math"},
  {"type":"Text","value":"\n\n"},
  {"type":"Keyword","value":"module"},
  {"type":"Text","value":" "},
  {"type":"NameNamespace","value":"A"},
  {"type":"Text","value":" "},
  {"type":"Operator","value":"="},
  {"type":"Text","value":"\n    "},
  {"type":"Keyword","value":"open type"},
  {"type":"Text","value":" "},
  {"type":"NameNamespace","value":"System.Math"},
  {"type":"Text","value":"\n"}
]
